<html>
<body>
<pre>
<h1>µVision Build Log</h1>
<h2>Project:</h2>
C:\Users\Allan\Desktop\Keilv4\_Projects346\TEMP\CECS347Lab5\CECS347Lab5.uvproj
Project File Date:  10/29/2018

<h2>Output:</h2>
Build target 'Lab4'
compiling InputOutput.c...
linking...
Program Size: Code=4452 RO-data=512 RW-data=120 ZI-data=1120  
".\CECS347Lab4.axf" - 0 Error(s), 0 Warning(s).
Load "C:\\Users\\Allan\\Desktop\\Keilv4\\_Projects346\\TEMP\\CECS347Lab5\\CECS347Lab4.axf" 
Connecting: Mode=JTAG, Speed=1000000Hz
Erase Done.
Programming Done.
Verify OK.
Clean started: Project: 'CECS347Lab5'
   deleting intermediate output files for target 'Lab4'
.\CECS347Lab4.axf" - 0 Error(s), 1 Warning(s).
