<html>
<body>
<pre>
<h1>µVision Build Log</h1>
<h2>Project:</h2>
C:\Users\Chris\Desktop\490b\CECS347FinalProject.uvproj
Project File Date:  05/06/2019

<h2>Output:</h2>
Rebuild target 'FinalProject'
assembling startup.s...
compiling InputOutput.c...
InputOutput.c(267): warning:  #177-D: variable "data_t" was declared but never referenced
        uint8_t data_t;
InputOutput.c(268): warning:  #177-D: variable "pos_t" was declared but never referenced
        uint8_t pos_t = 0;
InputOutput.c(269): warning:  #177-D: variable "message" was declared but never referenced
        uint8_t message[30];
InputOutput.c(278): warning:  #177-D: variable "done" was declared but never referenced
        int done = 0;
InputOutput.c: 4 warnings, 0 errors
compiling PLL.c...
compiling Nokia5110.c...
linking...
Program Size: Code=1812 RO-data=16 RW-data=0 ZI-data=1120  
".\CECS347FinalProject.axf" - 0 Error(s), 4 Warning(s).
Load "C:\\Users\\Chris\\Desktop\\490b\\CECS347FinalProject.axf" 
Connecting: Mode=JTAG, Speed=1000000Hz
Erase Done.
Programming Done.
Verify OK.
sers\\Chris\\Desktop\\490b\\CECS347FinalProject.axf" 
Connecting: Mode=JTAG, Speed=1000000Hz
Erase Done.
Programming Done.
Verify OK.
